STAR version=2.7.11b
STAR compilation time,server,dir=2025-04-26T21:36:55+0000 :/opt/conda/conda-bld/star_1745703265435/work/source
##### Command Line:
/opt/conda/envs/bioinfo/bin/STAR-avx2 --runThreadN 4 --runMode genomeGenerate --genomeDir ../users/ref_genomes/GCF_036785885.1/STAR_index --genomeFastaFiles ../users/ref_genomes/GCF_036785885.1/genomic.fa --sjdbOverhang 100 --sjdbGTFfile ../users/ref_genomes/GCF_036785885.1/genomic.gtf
##### Initial USER parameters from Command Line:
###### All USER parameters from Command Line:
runThreadN                    4     ~RE-DEFINED
runMode                       genomeGenerate        ~RE-DEFINED
genomeDir                     ../users/ref_genomes/GCF_036785885.1/STAR_index     ~RE-DEFINED
genomeFastaFiles              ../users/ref_genomes/GCF_036785885.1/genomic.fa        ~RE-DEFINED
sjdbOverhang                  100     ~RE-DEFINED
sjdbGTFfile                   ../users/ref_genomes/GCF_036785885.1/genomic.gtf     ~RE-DEFINED
##### Finished reading parameters from all sources

##### Final user re-defined parameters-----------------:
runMode                           genomeGenerate   
runThreadN                        4
genomeDir                         ../users/ref_genomes/GCF_036785885.1/STAR_index
genomeFastaFiles                  ../users/ref_genomes/GCF_036785885.1/genomic.fa   
sjdbGTFfile                       ../users/ref_genomes/GCF_036785885.1/genomic.gtf
sjdbOverhang                      100

-------------------------------
##### Final effective command line:
/opt/conda/envs/bioinfo/bin/STAR-avx2   --runMode genomeGenerate      --runThreadN 4   --genomeDir ../users/ref_genomes/GCF_036785885.1/STAR_index   --genomeFastaFiles ../users/ref_genomes/GCF_036785885.1/genomic.fa      --sjdbGTFfile ../users/ref_genomes/GCF_036785885.1/genomic.gtf   --sjdbOverhang 100
----------------------------------------

Number of fastq files for each mate = 1
ParametersSolo: --soloCellFilterType CellRanger2.2 filtering parameters:  3000 0.99 10
Finished loading and checking parameters
--genomeDir directory exists and will be overwritten: ../users/ref_genomes/GCF_036785885.1/STAR_index/
!!!!! WARNING: Could not move Log.out file from ./Log.out into ../users/ref_genomes/GCF_036785885.1/STAR_index/Log.out. Will keep ./Log.out

Feb 08 15:00:33 ... starting to generate Genome files
../users/ref_genomes/GCF_036785885.1/genomic.fa : chr # 0  "NC_092310.1" chrStart: 0
../users/ref_genomes/GCF_036785885.1/genomic.fa : chr # 1  "NC_092311.1" chrStart: 59244544
../users/ref_genomes/GCF_036785885.1/genomic.fa : chr # 2  "NC_092312.1" chrStart: 117178368
../users/ref_genomes/GCF_036785885.1/genomic.fa : chr # 3  "NC_092313.1" chrStart: 194248704
../users/ref_genomes/GCF_036785885.1/genomic.fa : chr # 4  "NC_092314.1" chrStart: 271581184
../users/ref_genomes/GCF_036785885.1/genomic.fa : chr # 5  "NC_092315.1" chrStart: 316407808
../users/ref_genomes/GCF_036785885.1/genomic.fa : chr # 6  "NC_092316.1" chrStart: 365690880
../users/ref_genomes/GCF_036785885.1/genomic.fa : chr # 7  "NC_092317.1" chrStart: 418119680
../users/ref_genomes/GCF_036785885.1/genomic.fa : chr # 8  "NC_092318.1" chrStart: 466878464
../users/ref_genomes/GCF_036785885.1/genomic.fa : chr # 9  "NC_092319.1" chrStart: 521928704
../users/ref_genomes/GCF_036785885.1/genomic.fa : chr # 10  "NC_092320.1" chrStart: 571211776
../users/ref_genomes/GCF_036785885.1/genomic.fa : chr # 11  "NC_092321.1" chrStart: 635174912
../users/ref_genomes/GCF_036785885.1/genomic.fa : chr # 12  "NC_092322.1" chrStart: 698613760
../users/ref_genomes/GCF_036785885.1/genomic.fa : chr # 13  "NC_092323.1" chrStart: 739246080
